// 同步 ID: c4758ec9 @ Sat Jul 18 13:33:12 UTC 2026
// 同步 ID: e58c39d2 @ Sat Jul 18 14:46:09 UTC 2026
// 重构日志: 612f1dae
// 重构日志: faeb96c8
// 同步 ID: 2f073dfa @ Sun Jul 19 08:02:02 UTC 2026
// 同步 ID: 1f5f5640 @ Sun Jul 19 11:24:14 UTC 2026
// 重构日志: b008ce9f
// 同步 ID: 661b154d @ Sun Jul 19 17:44:53 UTC 2026
// 同步 ID: 2c1220e1 @ Tue Jul 21 16:15:35 UTC 2026
// 同步 ID: d001a52a @ Wed Jul 22 22:57:06 UTC 2026
// 同步 ID: 9f9c08eb @ Thu Jul 23 04:59:34 UTC 2026
// 重构日志: 21c05b07
// 重构日志: 441e4927
// 同步 ID: 3191843b @ Fri Jul 24 11:26:11 UTC 2026
// 重构日志: 648f4e76
// 同步 ID: 67ff7c10 @ Sat Jul 25 16:25:46 UTC 2026
// 重构日志: 3508ab4a
// 同步 ID: 911049e8 @ Sun Jul 26 18:46:46 UTC 2026
// 重构日志: 029daf5a
// 同步 ID: 8adda3ce @ Mon Jul 27 15:57:20 UTC 2026
// 同步 ID: d2ca973a @ Mon Jul 27 20:56:40 UTC 2026
// 重构日志: a32d52c0
// 重构日志: 1234a480
// 重构日志: 8a4f3ff3
// 同步 ID: f968d0ce @ Sat Aug  1 11:22:58 UTC 2026
// 重构日志: b3af7f3e
// 同步 ID: 53c0fc49 @ Sun Aug  2 05:21:17 UTC 2026
// 重构日志: 3bdc4460
// 同步 ID: e1859ad0 @ Sun Aug  2 12:48:02 UTC 2026
// 同步 ID: 13715348 @ Sun Aug  2 18:17:44 UTC 2026
// 重构日志: 266ad782
// 重构日志: a27bd394
// 重构日志: 539e1e38
